// Jest Snapshot v1, https://goo.gl/fbAQLP

exports[`View | Form matches the snapshot 1`] = `
Object {
  "asFragment": [Function],
  "baseElement": <body>
    <div>
      <div
        class="MuiContainer-root Welcome__container MuiContainer-maxWidthSm"
      >
        <form>
          <div
            class="MuiFormControl-root MuiTextField-root MuiFormControl-marginNormal MuiFormControl-fullWidth"
          >
            <label
              class="MuiFormLabel-root MuiInputLabel-root MuiInputLabel-formControl MuiInputLabel-animated"
              data-shrink="false"
            >
              Name
            </label>
            <div
              class="MuiInputBase-root MuiInput-root MuiInput-underline MuiInputBase-fullWidth MuiInput-fullWidth MuiInputBase-formControl MuiInput-formControl"
            >
              <input
                aria-invalid="false"
                class="MuiInputBase-input MuiInput-input"
                name="name"
                type="text"
                value=""
              />
            </div>
          </div>
          <div
            class="MuiFormControl-root MuiTextField-root MuiFormControl-marginNormal MuiFormControl-fullWidth"
          >
            <label
              class="MuiFormLabel-root MuiInputLabel-root MuiInputLabel-formControl MuiInputLabel-animated"
              data-shrink="false"
            >
              Url
            </label>
            <div
              class="MuiInputBase-root MuiInput-root MuiInput-underline MuiInputBase-fullWidth MuiInput-fullWidth MuiInputBase-formControl MuiInput-formControl"
            >
              <input
                aria-invalid="false"
                class="MuiInputBase-input MuiInput-input"
                name="url"
                type="url"
                value=""
              />
            </div>
          </div>
          <button
            class="MuiButtonBase-root MuiButton-root Welcome__btn MuiButton-contained MuiButton-containedSecondary MuiButton-sizeLarge"
            tabindex="0"
            type="submit"
          >
            <span
              class="MuiButton-label"
            >
              Start
            </span>
            <span
              class="MuiTouchRipple-root"
            />
          </button>
        </form>
      </div>
    </div>
  </body>,
  "container": <div>
    <div
      class="MuiContainer-root Welcome__container MuiContainer-maxWidthSm"
    >
      <form>
        <div
          class="MuiFormControl-root MuiTextField-root MuiFormControl-marginNormal MuiFormControl-fullWidth"
        >
          <label
            class="MuiFormLabel-root MuiInputLabel-root MuiInputLabel-formControl MuiInputLabel-animated"
            data-shrink="false"
          >
            Name
          </label>
          <div
            class="MuiInputBase-root MuiInput-root MuiInput-underline MuiInputBase-fullWidth MuiInput-fullWidth MuiInputBase-formControl MuiInput-formControl"
          >
            <input
              aria-invalid="false"
              class="MuiInputBase-input MuiInput-input"
              name="name"
              type="text"
              value=""
            />
          </div>
        </div>
        <div
          class="MuiFormControl-root MuiTextField-root MuiFormControl-marginNormal MuiFormControl-fullWidth"
        >
          <label
            class="MuiFormLabel-root MuiInputLabel-root MuiInputLabel-formControl MuiInputLabel-animated"
            data-shrink="false"
          >
            Url
          </label>
          <div
            class="MuiInputBase-root MuiInput-root MuiInput-underline MuiInputBase-fullWidth MuiInput-fullWidth MuiInputBase-formControl MuiInput-formControl"
          >
            <input
              aria-invalid="false"
              class="MuiInputBase-input MuiInput-input"
              name="url"
              type="url"
              value=""
            />
          </div>
        </div>
        <button
          class="MuiButtonBase-root MuiButton-root Welcome__btn MuiButton-contained MuiButton-containedSecondary MuiButton-sizeLarge"
          tabindex="0"
          type="submit"
        >
          <span
            class="MuiButton-label"
          >
            Start
          </span>
          <span
            class="MuiTouchRipple-root"
          />
        </button>
      </form>
    </div>
  </div>,
  "debug": [Function],
  "findAllByAltText": [Function],
  "findAllByDisplayValue": [Function],
  "findAllByLabelText": [Function],
  "findAllByPlaceholderText": [Function],
  "findAllByRole": [Function],
  "findAllByTestId": [Function],
  "findAllByText": [Function],
  "findAllByTitle": [Function],
  "findByAltText": [Function],
  "findByDisplayValue": [Function],
  "findByLabelText": [Function],
  "findByPlaceholderText": [Function],
  "findByRole": [Function],
  "findByTestId": [Function],
  "findByText": [Function],
  "findByTitle": [Function],
  "getAllByAltText": [Function],
  "getAllByDisplayValue": [Function],
  "getAllByLabelText": [Function],
  "getAllByPlaceholderText": [Function],
  "getAllByRole": [Function],
  "getAllByTestId": [Function],
  "getAllByText": [Function],
  "getAllByTitle": [Function],
  "getByAltText": [Function],
  "getByDisplayValue": [Function],
  "getByLabelText": [Function],
  "getByPlaceholderText": [Function],
  "getByRole": [Function],
  "getByTestId": [Function],
  "getByText": [Function],
  "getByTitle": [Function],
  "queryAllByAltText": [Function],
  "queryAllByDisplayValue": [Function],
  "queryAllByLabelText": [Function],
  "queryAllByPlaceholderText": [Function],
  "queryAllByRole": [Function],
  "queryAllByTestId": [Function],
  "queryAllByText": [Function],
  "queryAllByTitle": [Function],
  "queryByAltText": [Function],
  "queryByDisplayValue": [Function],
  "queryByLabelText": [Function],
  "queryByPlaceholderText": [Function],
  "queryByRole": [Function],
  "queryByTestId": [Function],
  "queryByText": [Function],
  "queryByTitle": [Function],
  "rerender": [Function],
  "unmount": [Function],
}
`;
